
[1m[46m RUN [49m[22m [36mv4.0.18 [39m[90mD:/PythonStuff/airwave-new/frontend[39m

[90mstdout[2m | src/utils/diff.test.tsx[2m > [22m[2mDiff Utility[2m > [22m[2mrenderDiff[2m > [22m[2mhighlights single character difference
[22m[39mDiffing "Beatles" -> "Beatls": [
  {
    "count": 5,
    "added": false,
    "removed": false,
    "value": "Beatl"
  },
  {
    "count": 1,
    "added": false,
    "removed": true,
    "value": "e"
  },
  {
    "count": 1,
    "added": false,
    "removed": false,
    "value": "s"
  }
]

[90mstdout[2m | src/utils/diff.test.tsx[2m > [22m[2mDiff Utility[2m > [22m[2mrenderDiff[2m > [22m[2mhighlights multiple differences
[22m[39mDiffing "The Beatles" -> "Beatles": [
  {
    "count": 4,
    "added": false,
    "removed": true,
    "value": "The "
  },
  {
    "count": 7,
    "added": false,
    "removed": false,
    "value": "Beatles"
  }
]

[90mstdout[2m | src/utils/diff.test.tsx[2m > [22m[2mDiff Utility[2m > [22m[2mrenderDiff[2m > [22m[2mhighlights special character differences
[22m[39mDiffing "AC-DC" -> "AC/DC": [
  {
    "count": 2,
    "added": false,
    "removed": false,
    "value": "AC"
  },
  {
    "count": 1,
    "added": false,
    "removed": true,
    "value": "-"
  },
  {
    "count": 1,
    "added": true,
    "removed": false,
    "value": "/"
  },
  {
    "count": 2,
    "added": false,
    "removed": false,
    "value": "DC"
  }
]

 [31mΓ¥»[39m src/utils/diff.test.tsx [2m([22m[2m11 tests[22m[2m | [22m[31m3 failed[39m[2m)[22m[32m 55[2mms[22m[39m
       [32mΓ£ô[39m should lowercase strings[32m 1[2mms[22m[39m
       [32mΓ£ô[39m should collapse whitespace[32m 0[2mms[22m[39m
       [32mΓ£ô[39m should trim whitespace[32m 0[2mms[22m[39m
       [32mΓ£ô[39m should handle empty/null[32m 0[2mms[22m[39m
       [32mΓ£ô[39m renders green check for identical strings[32m 25[2mms[22m[39m
       [32mΓ£ô[39m renders green check for case/whitespace variants[32m 3[2mms[22m[39m
       [32mΓ£ô[39m highlights single character difference[32m 4[2mms[22m[39m
[31m       [31m├ù[31m highlights multiple differences[39m[32m 9[2mms[22m[39m
       [32mΓ£ô[39m highlights special character differences[32m 4[2mms[22m[39m
[31m       [31m├ù[31m handles empty strings gracefully[39m[32m 4[2mms[22m[39m
[31m       [31m├ù[31m fails gracefully on error[39m[32m 4[2mms[22m[39m
node.exe : 
At line:1 char:1
+ & "C:\Program Files\nodejs/node.exe" "C:\Program Files\nodejs/node_mo ...
+ ~~~~~~~~~~~~~~~~~~~~~~~~~~~~~~~~~~~~~~~~~~~~~~~~~~~~~~~~~~~~~~~~~~~~~
    + CategoryInfo          : NotSpecified: (:String) [], RemoteException
    + FullyQualifiedErrorId : NativeCommandError
 
[31mΓÄ»ΓÄ»ΓÄ»ΓÄ»ΓÄ»ΓÄ»ΓÄ»[39m[1m[41m Failed Tests 3 
[49m[22m[31mΓÄ»ΓÄ»ΓÄ»ΓÄ»ΓÄ»ΓÄ»ΓÄ»[39m

[41m[1m FAIL [22m[49m src/utils/diff.test.tsx[2m > [22mDiff Utility[2m > 
[22mrenderDiff[2m > [22mhighlights multiple differences
[31m[1mTestingLibraryElementError[22m: Found multiple elements with the text: 
/The/

Here are the matching elements:

Ignored nodes: comments, script, style
[36m<span[31m
  [33mclass[31m=[32m"sr-only"[31m
[36m>[31m
  [0mDifference detected for Test. Incoming: The Beatles. Library Match: 
Beatles.[0m
[36m</span>[31m

Ignored nodes: comments, script, style
[36m<span[31m
  [33maria-label[31m=[32m"deleted: The "[31m
  [33mclass[31m=[32m"bg-red-50 text-red-400 line-through decoration-red-400 
opacity-60 mx-0.5"[31m
  [33mtitle[31m=[32m"Deleted: The "[31m
[36m>[31m
  [0mThe [0m
[36m</span>[31m

(If this is intentional, then use the `*AllBy*` variant of the query (like 
`queryAllByText`, `getAllByText`, or `findAllByText`)).

Ignored nodes: comments, script, style
[36m<body>[31m
  [36m<div>[31m
    [36m<div[31m
      [33mclass[31m=[32m"flex items-center gap-2 text-green-700 font-medium"[31m
    [36m>[31m
      [36m<svg[31m
        [33maria-hidden[31m=[32m"true"[31m
        [33mclass[31m=[32m"lucide lucide-check w-5 h-5 text-green-500"[31m
        [33mfill[31m=[32m"none"[31m
        [33mheight[31m=[32m"24"[31m
        [33mstroke[31m=[32m"currentColor"[31m
        [33mstroke-linecap[31m=[32m"round"[31m
        [33mstroke-linejoin[31m=[32m"round"[31m
        [33mstroke-width[31m=[32m"2"[31m
        [33mviewBox[31m=[32m"0 0 24 24"[31m
        [33mwidth[31m=[32m"24"[31m
        [33mxmlns[31m=[32m"http://www.w3.org/2000/svg"[31m
      [36m>[31m
        [36m<path[31m
          [33md[31m=[32m"M20 6 9 17l-5-5"[31m
        [36m/>[31m
      [36m</svg>[31m
      [36m<span>[31m
        [0mBeatles[0m
      [36m</span>[31m
    [36m</div>[31m
  [36m</div>[31m
  [36m<div>[31m
    [36m<div[31m
      [33mclass[31m=[32m"flex items-center gap-2 text-green-700 font-medium"[31m
    [36m>[31m
      [36m<svg[31m
        [33maria-hidden[31m=[32m"true"[31m
        [33mclass[31m=[32m"lucide lucide-check w-5 h-5 text-green-500"[31m
        [33mfill[31m=[32m"none"[31m
        [33mheight[31m=[32m"24"[31m
        [33mstroke[31m=[32m"currentColor"[31m
        [33mstroke-linecap[31m=[32m"round"[31m
        [33mstroke-linejoin[31m=[32m"round"[31m
        [33mstroke-width[31m=[32m"2"[31m
        [33mviewBox[31m=[32m"0 0 24 24"[31m
        [33mwidth[31m=[32m"24"[31m
        [33mxmlns[31m=[32m"http://www.w3.org/2000/svg"[31m
      [36m>[31m
        [36m<path[31m
          [33md[31m=[32m"M20 6 9 17l-5-5"[31m
        [36m/>[31m
      [36m</svg>[31m
      [36m<span>[31m
        [0mthe beatles[0m
      [36m</span>[31m
    [36m</div>[31m
  [36m</div>[31m
  [36m<div>[31m
    [36m<div[31m
      [33mclass[31m=[32m"relative"[31m
    [36m>[31m
      [36m<span[31m
        [33mclass[31m=[32m"sr-only"[31m
      [36m>[31m
        [0mDifference detected for Test. Incoming: Beatles. Library Match: 
Beatls.[0m
      [36m</span>[31m
      [36m<div[31m
        [33maria-hidden[31m=[32m"true"[31m
        [33mclass[31m=[32m"font-mono text-lg break-all"[31m
      [36m>[31m
        [36m<span>[31m
          [0mBeatl[0m
        [36m</span>[31m
        [36m<span[31m
          [33maria-label[31m=[32m"deleted: e"[31m
          [33mclass[31m=[32m"bg-red-50 text-red-400 line-through 
decoration-red-400 opacity-60 mx-0.5"[31m
          [33mtitle[31m=[32m"Deleted: e"[31m
        [36m>[31m
          [0me[0m
        [36m</span>[31m
        [36m<span>[31m
          [0ms[0m
        [36m</span>[31m
      [36m</div>[31m
    [36m</div>[31m
  [36m</div>[31m
  [36m<div>[31m
    [36m<div[31m
      [33mclass[31m=[32m"relative"[31m
    [36m>[31m
      [36m<span[31m
        [33mclass[31m=[32m"sr-only"[31m
      [36m>[31m
        [0mDifference detected for Test. Incoming: The Beatles. Library Match: 
Beatles.[0m
      [36m</span>[31m
      [36m<div[31m
        [33maria-hidden[31m=[32m"true"[31m
        [33mclass[31m=[32m"font-mono text-lg break-all"[31m
      [36m>[31m
        [36m<span[31m
          [33maria-label[31m=[32m"deleted: The "[31m
          [33mclass[31m=[32m"bg-red-50 text-red-400 line-through 
decoration-red-400 opacity-60 mx-0.5"[31m
          [33mtitle[31m=[32m"Deleted: The "[31m
        [36m>[31m
          [0mThe [0m
        [36m</span>[31m
        [36m<span>[31m
          [0mBeatles[0m
        [36m</span>[31m
      [36m</div>[31m
    [36m</div>[31m
  [36m</div>[31m
[36m</body>[31m[39m
[90m [2mΓ¥»[22m Object.getElementError 
node_modules/@testing-library/dom/dist/config.js:[2m37:19[22m[39m
[90m [2mΓ¥»[22m getElementError 
node_modules/@testing-library/dom/dist/query-helpers.js:[2m20:35[22m[39m
[90m [2mΓ¥»[22m getMultipleElementsFoundError 
node_modules/@testing-library/dom/dist/query-helpers.js:[2m23:10[22m[39m
[90m [2mΓ¥»[22m 
node_modules/@testing-library/dom/dist/query-helpers.js:[2m55:13[22m[39m
[90m [2mΓ¥»[22m 
node_modules/@testing-library/dom/dist/query-helpers.js:[2m95:19[22m[39m
[36m [2mΓ¥»[22m src/utils/diff.test.tsx:[2m55:36[22m[39m
    [90m 53| [39m            [90m// "The " (with or without space) is 
removed.[39m
    [90m 54| [39m            [90m// RegEx /The/ matches "The" or "The "[39m
    [90m 55| [39m            [35mconst[39m deleted [33m=[39m 
screen[33m.[39m[34mgetByText[39m([36m/The/[39m)[33m;[39m
    [90m   | [39m                                   [31m^[39m
    [90m 56| [39m            [34mexpect[39m(deleted[33m.[39mclassName)[33m.[3
9m[34mtoContain[39m([32m'bg-red-50'[39m)[33m;[39m
    [90m 57| [39m        })[33m;[39m

[31m[2mΓÄ»ΓÄ»ΓÄ»ΓÄ»ΓÄ»ΓÄ»ΓÄ»ΓÄ»ΓÄ»ΓÄ»ΓÄ»ΓÄ»ΓÄ»ΓÄ»ΓÄ»ΓÄ»ΓÄ»ΓÄ»ΓÄ»ΓÄ»ΓÄ»ΓÄ»ΓÄ»ΓÄ»[1/3
]ΓÄ»[22m[39m

[41m[1m FAIL [22m[49m src/utils/diff.test.tsx[2m > [22mDiff Utility[2m > 
[22mrenderDiff[2m > [22mhandles empty strings gracefully
[31m[1mTestingLibraryElementError[22m[39m: Unable to find an element with the 
text: (Empty). This could be because the text is broken up by multiple elements. In 
this case, you can provide a function for your text matcher to make your matcher 
more flexible.

Ignored nodes: comments, script, style
[36m<body>[39m
  [36m<div>[39m
    [36m<div[39m
      [33mclass[39m=[32m"flex items-center gap-2 text-green-700 font-medium"[39m
    [36m>[39m
      [36m<svg[39m
        [33maria-hidden[39m=[32m"true"[39m
        [33mclass[39m=[32m"lucide lucide-check w-5 h-5 text-green-500"[39m
        [33mfill[39m=[32m"none"[39m
        [33mheight[39m=[32m"24"[39m
        [33mstroke[39m=[32m"currentColor"[39m
        [33mstroke-linecap[39m=[32m"round"[39m
        [33mstroke-linejoin[39m=[32m"round"[39m
        [33mstroke-width[39m=[32m"2"[39m
        [33mviewBox[39m=[32m"0 0 24 24"[39m
        [33mwidth[39m=[32m"24"[39m
        [33mxmlns[39m=[32m"http://www.w3.org/2000/svg"[39m
      [36m>[39m
        [36m<path[39m
          [33md[39m=[32m"M20 6 9 17l-5-5"[39m
        [36m/>[39m
      [36m</svg>[39m
      [36m<span>[39m
        [0mBeatles[0m
      [36m</span>[39m
    [36m</div>[39m
  [36m</div>[39m
  [36m<div>[39m
    [36m<div[39m
      [33mclass[39m=[32m"flex items-center gap-2 text-green-700 font-medium"[39m
    [36m>[39m
      [36m<svg[39m
        [33maria-hidden[39m=[32m"true"[39m
        [33mclass[39m=[32m"lucide lucide-check w-5 h-5 text-green-500"[39m
        [33mfill[39m=[32m"none"[39m
        [33mheight[39m=[32m"24"[39m
        [33mstroke[39m=[32m"currentColor"[39m
        [33mstroke-linecap[39m=[32m"round"[39m
        [33mstroke-linejoin[39m=[32m"round"[39m
        [33mstroke-width[39m=[32m"2"[39m
        [33mviewBox[39m=[32m"0 0 24 24"[39m
        [33mwidth[39m=[32m"24"[39m
        [33mxmlns[39m=[32m"http://www.w3.org/2000/svg"[39m
      [36m>[39m
        [36m<path[39m
          [33md[39m=[32m"M20 6 9 17l-5-5"[39m
        [36m/>[39m
      [36m</svg>[39m
      [36m<span>[39m
        [0mthe beatles[0m
      [36m</span>[39m
    [36m</div>[39m
  [36m</div>[39m
  [36m<div>[39m
    [36m<div[39m
      [33mclass[39m=[32m"relative"[39m
    [36m>[39m
      [36m<span[39m
        [33mclass[39m=[32m"sr-only"[39m
      [36m>[39m
        [0mDifference detected for Test. Incoming: Beatles. Library Match: 
Beatls.[0m
      [36m</span>[39m
      [36m<div[39m
        [33maria-hidden[39m=[32m"true"[39m
        [33mclass[39m=[32m"font-mono text-lg break-all"[39m
      [36m>[39m
        [36m<span>[39m
          [0mBeatl[0m
        [36m</span>[39m
        [36m<span[39m
          [33maria-label[39m=[32m"deleted: e"[39m
          [33mclass[39m=[32m"bg-red-50 text-red-400 line-through 
decoration-red-400 opacity-60 mx-0.5"[39m
          [33mtitle[39m=[32m"Deleted: e"[39m
        [36m>[39m
          [0me[0m
        [36m</span>[39m
        [36m<span>[39m
          [0ms[0m
        [36m</span>[39m
      [36m</div>[39m
    [36m</div>[39m
  [36m</div>[39m
  [36m<div>[39m
    [36m<div[39m
      [33mclass[39m=[32m"relative"[39m
    [36m>[39m
      [36m<span[39m
        [33mclass[39m=[32m"sr-only"[39m
      [36m>[39m
        [0mDifference detected for Test. Incoming: The Beatles. Library Match: 
Beatles.[0m
      [36m</span>[39m
      [36m<div[39m
        [33maria-hidden[39m=[32m"true"[39m
        [33mclass[39m=[32m"font-mono text-lg break-all"[39m
      [36m>[39m
        [36m<span[39m
          [33maria-label[39m=[32m"deleted: The "[39m
          [33mclass[39m=[32m"bg-red-50 text-red-400 line-through 
decoration-red-400 opacity-60 mx-0.5"[39m
          [33mtitle[39m=[32m"Deleted: The "[39m
        [36m>[39m
          [0mThe [0m
        [36m</span>[39m
        [36m<span>[39m
          [0mBeatles[0m
        [36m</span>[39m
      [36m</div>[39m
    [36m</div>[39m
  [36m</div>[39m
  [36m<div>[39m
    [36m<div[39m
      [33mclass[39m=[32m"relative"[39m
    [36m>[39m
      [36m<span[39m
        [33mclass[39m=[32m"sr-only"[39m
      [36m>[39m
        [0mDifference detected for Test. Incoming: AC-DC. Library Match: AC/DC.[0m
      [36m</span>[39m
      [36m<div[39m
        [33maria-hidden[39m=[32m"true"[39m
        [33mclass[39m=[32m"font-mono text-lg break-all"[39m
      [36m>[39m
        [36m<span>[39m
          [0mAC[0m
        [36m</span>[39m
        [36m<span[39m
          [33maria-label[39m=[32m"deleted: -"[39m
          [33mclass[39m=[32m"bg-red-50 text-red-400 line-through 
decoration-red-400 opacity-60 mx-0.5"[39m
          [33mtitle[39m=[32m"Deleted: -"[39m
        [36m>[39m
          [0m-[0m
        [36m</span>[39m
        [36m<span[39m
          [33maria-label[39m=[32m"inserted: /"[39m
          [33mclass[39m=[32m"bg-amber-100 text-amber-900 font-bold 
decoration-amber-500"[39m
          [33mtitle[39m=[32m"Inserted: /"[39m
        [36m>[39m
          [0m/[0m
        [36m</span>[39m
        [36m<span>[39m
          [0mDC[0m
        [36m</span>[39m
      [36m</div>[39m
    [36m</div>[39m
  [36m</div>[39m
  [36m<div>[39m
    [36m<div[39m
      [33mclass[39m=[32m"flex items-center gap-2 text-green-700 font-medium"[39m
    [36m>[39m
      [36m<svg[39m
        [33maria-hidden[39m=[32m"true"[39m
        [33mclass[39m=[32m"lucide lucide-check w-5 h-5 text-green-500"[39m
        [33mfill[39m=[32m"none"[39m
        [33mheight[39m=[32m"24"[39m
        [33mstroke[39m=[32m"currentColor"[39m
        [33mstroke-linecap[39m=[32m"round"[39m
        [33mstroke-linejoin[39m=[32m"round"[39m
        [33mstroke-width[39m=[32m"2"[39m
        [33mviewBox[39m=[32m"0 0 24 24"[39m
        [33mwidth[39m=[32m"24"[39m
        [33mxmlns[39m=[32m"http://www.w3.org/2000/svg"[39m
      [36m>[39m
        [36m<path[39m
          [33md[39m=[32m"M20 6 9 17l-5-5"[39m
        [36m/>[39m
      [36m</svg>[39m
      [36m<span />[39m
    [36m</div>[39m
  [36m</div>[39m
[36m</body>[39m
[90m [2mΓ¥»[22m Object.getElementError 
node_modules/@testing-library/dom/dist/config.js:[2m37:19[22m[39m
[90m [2mΓ¥»[22m 
node_modules/@testing-library/dom/dist/query-helpers.js:[2m76:38[22m[39m
[90m [2mΓ¥»[22m 
node_modules/@testing-library/dom/dist/query-helpers.js:[2m52:17[22m[39m
[90m [2mΓ¥»[22m 
node_modules/@testing-library/dom/dist/query-helpers.js:[2m95:19[22m[39m
[36m [2mΓ¥»[22m src/utils/diff.test.tsx:[2m72:27[22m[39m
    [90m 70| [39m        [34mit[39m([32m'handles empty strings 
gracefully'[39m[33m,[39m () [33m=>[39m {
    [90m 71| [39m            
[34mrender[39m([34mrenderDiff[39m([32m''[39m[33m,[39m 
[32m''[39m[33m,[39m [32m'Test'[39m))[33m;[39m
    [90m 72| [39m            [34mexpect[39m(screen[33m.[39m[34mgetByText[39m(
[32m'(Empty)'[39m))[33m.[39m[34mtoBeTruthy[39m()[33m;[39m
    [90m   | [39m                          [31m^[39m
    [90m 73| [39m        })[33m;[39m
    [90m 74| [39m

[31m[2mΓÄ»ΓÄ»ΓÄ»ΓÄ»ΓÄ»ΓÄ»ΓÄ»ΓÄ»ΓÄ»ΓÄ»ΓÄ»ΓÄ»ΓÄ»ΓÄ»ΓÄ»ΓÄ»ΓÄ»ΓÄ»ΓÄ»ΓÄ»ΓÄ»ΓÄ»ΓÄ»ΓÄ»[2/3
]ΓÄ»[22m[39m

[41m[1m FAIL [22m[49m src/utils/diff.test.tsx[2m > [22mDiff Utility[2m > 
[22mrenderDiff[2m > [22mfails gracefully on error
[31m[1mTestingLibraryElementError[22m[39m: Unable to find an element with the 
text: (Empty). This could be because the text is broken up by multiple elements. In 
this case, you can provide a function for your text matcher to make your matcher 
more flexible.

Ignored nodes: comments, script, style
[36m<body>[39m
  [36m<div>[39m
    [36m<div[39m
      [33mclass[39m=[32m"flex items-center gap-2 text-green-700 font-medium"[39m
    [36m>[39m
      [36m<svg[39m
        [33maria-hidden[39m=[32m"true"[39m
        [33mclass[39m=[32m"lucide lucide-check w-5 h-5 text-green-500"[39m
        [33mfill[39m=[32m"none"[39m
        [33mheight[39m=[32m"24"[39m
        [33mstroke[39m=[32m"currentColor"[39m
        [33mstroke-linecap[39m=[32m"round"[39m
        [33mstroke-linejoin[39m=[32m"round"[39m
        [33mstroke-width[39m=[32m"2"[39m
        [33mviewBox[39m=[32m"0 0 24 24"[39m
        [33mwidth[39m=[32m"24"[39m
        [33mxmlns[39m=[32m"http://www.w3.org/2000/svg"[39m
      [36m>[39m
        [36m<path[39m
          [33md[39m=[32m"M20 6 9 17l-5-5"[39m
        [36m/>[39m
      [36m</svg>[39m
      [36m<span>[39m
        [0mBeatles[0m
      [36m</span>[39m
    [36m</div>[39m
  [36m</div>[39m
  [36m<div>[39m
    [36m<div[39m
      [33mclass[39m=[32m"flex items-center gap-2 text-green-700 font-medium"[39m
    [36m>[39m
      [36m<svg[39m
        [33maria-hidden[39m=[32m"true"[39m
        [33mclass[39m=[32m"lucide lucide-check w-5 h-5 text-green-500"[39m
        [33mfill[39m=[32m"none"[39m
        [33mheight[39m=[32m"24"[39m
        [33mstroke[39m=[32m"currentColor"[39m
        [33mstroke-linecap[39m=[32m"round"[39m
        [33mstroke-linejoin[39m=[32m"round"[39m
        [33mstroke-width[39m=[32m"2"[39m
        [33mviewBox[39m=[32m"0 0 24 24"[39m
        [33mwidth[39m=[32m"24"[39m
        [33mxmlns[39m=[32m"http://www.w3.org/2000/svg"[39m
      [36m>[39m
        [36m<path[39m
          [33md[39m=[32m"M20 6 9 17l-5-5"[39m
        [36m/>[39m
      [36m</svg>[39m
      [36m<span>[39m
        [0mthe beatles[0m
      [36m</span>[39m
    [36m</div>[39m
  [36m</div>[39m
  [36m<div>[39m
    [36m<div[39m
      [33mclass[39m=[32m"relative"[39m
    [36m>[39m
      [36m<span[39m
        [33mclass[39m=[32m"sr-only"[39m
      [36m>[39m
        [0mDifference detected for Test. Incoming: Beatles. Library Match: 
Beatls.[0m
      [36m</span>[39m
      [36m<div[39m
        [33maria-hidden[39m=[32m"true"[39m
        [33mclass[39m=[32m"font-mono text-lg break-all"[39m
      [36m>[39m
        [36m<span>[39m
          [0mBeatl[0m
        [36m</span>[39m
        [36m<span[39m
          [33maria-label[39m=[32m"deleted: e"[39m
          [33mclass[39m=[32m"bg-red-50 text-red-400 line-through 
decoration-red-400 opacity-60 mx-0.5"[39m
          [33mtitle[39m=[32m"Deleted: e"[39m
        [36m>[39m
          [0me[0m
        [36m</span>[39m
        [36m<span>[39m
          [0ms[0m
        [36m</span>[39m
      [36m</div>[39m
    [36m</div>[39m
  [36m</div>[39m
  [36m<div>[39m
    [36m<div[39m
      [33mclass[39m=[32m"relative"[39m
    [36m>[39m
      [36m<span[39m
        [33mclass[39m=[32m"sr-only"[39m
      [36m>[39m
        [0mDifference detected for Test. Incoming: The Beatles. Library Match: 
Beatles.[0m
      [36m</span>[39m
      [36m<div[39m
        [33maria-hidden[39m=[32m"true"[39m
        [33mclass[39m=[32m"font-mono text-lg break-all"[39m
      [36m>[39m
        [36m<span[39m
          [33maria-label[39m=[32m"deleted: The "[39m
          [33mclass[39m=[32m"bg-red-50 text-red-400 line-through 
decoration-red-400 opacity-60 mx-0.5"[39m
          [33mtitle[39m=[32m"Deleted: The "[39m
        [36m>[39m
          [0mThe [0m
        [36m</span>[39m
        [36m<span>[39m
          [0mBeatles[0m
        [36m</span>[39m
      [36m</div>[39m
    [36m</div>[39m
  [36m</div>[39m
  [36m<div>[39m
    [36m<div[39m
      [33mclass[39m=[32m"relative"[39m

[2m Test Files [22m [1m[31m1 failed[39m[22m[90m (1)[39m
[2m      Tests [22m [1m[31m3 failed[39m[22m[2m | [22m[1m[32m8 passed[39m[22m[90m (11)[39m
[2m   Start at [22m 16:17:46
[2m   Duration [22m 1.46s[2m (transform 62ms, setup 0ms, import 304ms, tests 55ms, environment 676ms)[22m

    [36m>[39m
      [36m<span[39m
        [33mclass[39m=[32m"sr-only"[39m
      [36m>[39m
        [0mDifference detected for Test. Incoming: AC-DC. Library Match: AC/DC.[0m
      [36m</span>[39m
      [36m<div[39m
        [33maria-hidden[39m=[32m"true"[39m
        [33mclass[39m=[32m"font-mono text-lg break-all"[39m
      [36m>[39m
        [36m<span>[39m
          [0mAC[0m
        [36m</span>[39m
        [36m<span[39m
          [33maria-label[39m=[32m"deleted: -"[39m
          [33mclass[39m=[32m"bg-red-50 text-red-400 line-through 
decoration-red-400 opacity-60 mx-0.5"[39m
          [33mtitle[39m=[32m"Deleted: -"[39m
        [36m>[39m
          [0m-[0m
        [36m</span>[39m
        [36m<span[39m
          [33maria-label[39m=[32m"inserted: /"[39m
          [33mclass[39m=[32m"bg-amber-100 text-amber-900 font-bold 
decoration-amber-500"[39m
          [33mtitle[39m=[32m"Inserted: /"[39m
        [36m>[39m
          [0m/[0m
        [36m</span>[39m
        [36m<span>[39m
          [0mDC[0m
        [36m</span>[39m
      [36m</div>[39m
    [36m</div>[39m
  [36m</div>[39m
  [36m<div>[39m
    [36m<div[39m
      [33mclass[39m=[32m"flex items-center gap-2 text-green-700 font-medium"[39m
    [36m>[39m
      [36m<svg[39m
        [33maria-hidden[39m=[32m"true"[39m
        [33mclass[39m=[32m"lucide lucide-check w-5 h-5 text-green-500"[39m
        [33mfill[39m=[32m"none"[39m
        [33mheight[39m=[32m"24"[39m
        [33mstroke[39m=[32m"currentColor"[39m
        [33mstroke-linecap[39m=[32m"round"[39m
        [33mstroke-linejoin[39m=[32m"round"[39m
        [33mstroke-width[39m=[32m"2"[39m
        [33mviewBox[39m=[32m"0 0 24 24"[39m
        [33mwidth[39m=[32m"24"[39m
        [33mxmlns[39m=[32m"http://www.w3.org/2000/svg"[39m
      [36m>[39m
        [36m<path[39m
          [33md[39m=[32m"M20 6 9 17l-5-5"[39m
        [36m/>[39m
      [36m</svg>[39m
      [36m<span />[39m
    [36m</div>[39m
  [36m</div>[39m
  [36m<div>[39m
    [36m<div[39m
      [33mclass[39m=[32m"flex items-center gap-2 text-green-700 font-medium"[39m
    [36m>[39m
      [36m<svg[39m
        [33maria-hidden[39m=[32m"true"[39m
        [33mclass[39m=[32m"lucide lucide-check w-5 h-5 text-green-500"[39m
        [33mfill[39m=[32m"none"[39m
        [33mheight[39m=[32m"24"[39m
        [33mstroke[39m=[32m"currentColor"[39m
        [33mstroke-linecap[39m=[32m"round"[39m
        [33mstroke-linejoin[39m=[32m"round"[39m
        [33mstroke-width[39m=[32m"2"[39m
        [33mviewBox[39m=[32m"0 0 24 24"[39m
        [33mwidth[39m=[32m"24"[39m
        [33mxmlns[39m=[32m"http://www.w3.org/2000/svg"[39m
      [36m>[39m
        [36m<path[39m
          [33md[39m=[32m"M20 6 9 17l-5-5"[39m
        [36m/>[39m
      [36m</svg>[39m
      [36m<span />[39m
    [36m</div>[39m
  [36m</div>[39m
[36m</body>[39m
[90m [2mΓ¥»[22m Object.getElementError 
node_modules/@testing-library/dom/dist/config.js:[2m37:19[22m[39m
[90m [2mΓ¥»[22m 
node_modules/@testing-library/dom/dist/query-helpers.js:[2m76:38[22m[39m
[90m [2mΓ¥»[22m 
node_modules/@testing-library/dom/dist/query-helpers.js:[2m52:17[22m[39m
[90m [2mΓ¥»[22m 
node_modules/@testing-library/dom/dist/query-helpers.js:[2m95:19[22m[39m
[36m [2mΓ¥»[22m src/utils/diff.test.tsx:[2m79:27[22m[39m
    [90m 77| [39m            [90m// @ts-ignore force error[39m
    [90m 78| [39m            
[34mrender[39m([34mrenderDiff[39m([35mnull[39m[33m,[39m 
[35mnull[39m[33m,[39m [32m'Test'[39m))[33m;[39m
    [90m 79| [39m            [34mexpect[39m(screen[33m.[39m[34mgetByText[39m(
[32m'(Empty)'[39m))[33m.[39m[34mtoBeTruthy[39m()[33m;[39m
    [90m   | [39m                          [31m^[39m
    [90m 80| [39m        })[33m;[39m
    [90m 81| [39m    })[33m;[39m

[31m[2mΓÄ»ΓÄ»ΓÄ»ΓÄ»ΓÄ»ΓÄ»ΓÄ»ΓÄ»ΓÄ»ΓÄ»ΓÄ»ΓÄ»ΓÄ»ΓÄ»ΓÄ»ΓÄ»ΓÄ»ΓÄ»ΓÄ»ΓÄ»ΓÄ»ΓÄ»ΓÄ»ΓÄ»[3/3
]ΓÄ»[22m[39m

